
nahi@imospc17 spc2]$ ls
sim.log  spc.top  water-npt.mdp  water-nve.mdp  water-nvt.mdp
[spanahi@imospc17 spc2]$ ll
total 40
-rw-r--r-- 1 spanahi tckurs 20703 Nov  8 16:15 sim.log
-rw-r--r-- 1 spanahi tckurs   117 Nov  8 13:26 spc.top
-rw-r--r-- 1 spanahi tckurs  3746 Nov  8 13:16 water-npt.mdp
-rw-r--r-- 1 spanahi tckurs  3744 Nov  8 14:22 water-nve.mdp
-rw-r--r-- 1 spanahi tckurs  3749 Nov  8 13:59 water-nvt.mdp
[spanahi@imospc17 spc2]$ gmx solvate -cs -box 2 2 2 -o spc.gro
                     :-) GROMACS - gmx solvate, 2016.4 (-:

                            GROMACS is written by:
     Emile Apol      Rossen Apostolov  Herman J.C. Berendsen    Par Bjelkmar   
 Aldert van Buuren   Rudi van Drunen     Anton Feenstra    Gerrit Groenhof  
 Christoph Junghans   Anca Hamuraru    Vincent Hindriksen Dimitrios Karkoulis
    Peter Kasson        Jiri Kraus      Carsten Kutzner      Per Larsson    
  Justin A. Lemkul   Magnus Lundborg   Pieter Meulenhoff    Erik Marklund   
   Teemu Murtola       Szilard Pall       Sander Pronk      Roland Schulz   
  Alexey Shvetsov     Michael Shirts     Alfons Sijbers     Peter Tieleman  
  Teemu Virolainen  Christian Wennberg    Maarten Wolf   
                           and the project leaders:
        Mark Abraham, Berk Hess, Erik Lindahl, and David van der Spoel

Copyright (c) 1991-2000, University of Groningen, The Netherlands.
Copyright (c) 2001-2017, The GROMACS development team at
Uppsala University, Stockholm University and
the Royal Institute of Technology, Sweden.
check out http://www.gromacs.org for more information.

GROMACS is free software; you can redistribute it and/or modify it
under the terms of the GNU Lesser General Public License
as published by the Free Software Foundation; either version 2.1
of the License, or (at your option) any later version.

GROMACS:      gmx solvate, version 2016.4
Executable:   /home/imostest/gromacs/bin/gmx
Data prefix:  /home/imostest/gromacs
Working dir:  /home/spanahi/Documents/part3/spc2
Command line:
  gmx solvate -cs -box 2 2 2 -o spc.gro

Reading solvent configuration
216H2O,WATJP01,SPC216,SPC-MODEL,300K,BOX(M)=1.86206NM,WFVG,MAR. 1984
Containing 648 atoms in 216 residues

Initialising inter-atomic distances...

WARNING: Masses and atomic (Van der Waals) radii will be guessed
         based on residue and atom names, since they could not be
         definitively assigned from the information in your input
         files. These guessed numbers might deviate from the mass
         and radius of the atom type. Please check the output
         files if necessary.

NOTE: From version 5.0 gmx solvate uses the Van der Waals radii
from the source below. This means the results may be different
compared to previous GROMACS versions.

++++ PLEASE READ AND CITE THE FOLLOWING REFERENCE ++++
A. Bondi
van der Waals Volumes and Radii
J. Phys. Chem. 68 (1964) pp. 441-451
-------- -------- --- Thank You --- -------- --------

Generating solvent configuration
Will generate new solvent configuration of 2x2x2 boxes
Solvent box contains 1218 atoms in 406 residues
Removed 555 solvent atoms due to solvent-solvent overlap
Sorting configuration
Found 1 molecule type:
    SOL (   3 atoms):   221 residues
Generated solvent containing 663 atoms in 221 residues
Writing generated configuration to spc.gro

Output configuration contains 663 atoms in 221 residues
Volume                 :           8 (nm^3)
Density                :     826.409 (g/l)
Number of SOL molecules:    221   


GROMACS reminds you: "Yeah, uh uh, Neil's Head !" (Neil)

[spanahi@imospc17 spc2]$ nvim
bash: nvim: command not found
[spanahi@imospc17 spc2]$ sudo apt-get install nvim

We trust you have received the usual lecture from the local System
Administrator. It usually boils down to these three things:

    #1) Respect the privacy of others.
    #2) Think before you type.
    #3) With great power comes great responsibility.

[sudo] password for spanahi: 
Sorry, try again.
[sudo] password for spanahi: 
spanahi is not in the sudoers file.  This incident will be reported.
[spanahi@imospc17 spc2]$ ls
sim.log  spc.top        water-nve.mdp
spc.gro  water-npt.mdp  water-nvt.mdp
[spanahi@imospc17 spc2]$ vim spc.top 
[spanahi@imospc17 spc2]$ gmx grompp -f water-npt.mdp -c spc.gro -p spc.top -o spc_npt.tpr
                      :-) GROMACS - gmx grompp, 2016.4 (-:

                            GROMACS is written by:
     Emile Apol      Rossen Apostolov  Herman J.C. Berendsen    Par Bjelkmar   
 Aldert van Buuren   Rudi van Drunen     Anton Feenstra    Gerrit Groenhof  
 Christoph Junghans   Anca Hamuraru    Vincent Hindriksen Dimitrios Karkoulis
    Peter Kasson        Jiri Kraus      Carsten Kutzner      Per Larsson    
  Justin A. Lemkul   Magnus Lundborg   Pieter Meulenhoff    Erik Marklund   
   Teemu Murtola       Szilard Pall       Sander Pronk      Roland Schulz   
  Alexey Shvetsov     Michael Shirts     Alfons Sijbers     Peter Tieleman  
  Teemu Virolainen  Christian Wennberg    Maarten Wolf   
                           and the project leaders:
        Mark Abraham, Berk Hess, Erik Lindahl, and David van der Spoel

Copyright (c) 1991-2000, University of Groningen, The Netherlands.
Copyright (c) 2001-2017, The GROMACS development team at
Uppsala University, Stockholm University and
the Royal Institute of Technology, Sweden.
check out http://www.gromacs.org for more information.

GROMACS is free software; you can redistribute it and/or modify it
under the terms of the GNU Lesser General Public License
as published by the Free Software Foundation; either version 2.1
of the License, or (at your option) any later version.

GROMACS:      gmx grompp, version 2016.4
Executable:   /home/imostest/gromacs/bin/gmx
Data prefix:  /home/imostest/gromacs
Working dir:  /home/spanahi/Documents/part3/spc2
Command line:
  gmx grompp -f water-npt.mdp -c spc.gro -p spc.top -o spc_npt.tpr


NOTE 1 [file water-npt.mdp]:
  The Berendsen thermostat does not generate the correct kinetic energy
  distribution. You might want to consider using the V-rescale thermostat.

Setting the LD random seed to 563487915
Generated 330891 of the 330891 non-bonded parameter combinations
Generating 1-4 interactions: fudge = 0.5
Generated 330891 of the 330891 1-4 parameter combinations
Excluding 2 bonded neighbours molecule type 'SOL'
Velocities were taken from a Maxwell distribution at 300 K
Removing all charge groups because cutoff-scheme=Verlet
Analysing residue names:
There are:   221      Water residues
Number of degrees of freedom in T-Coupling group System is 1323.00
Determining Verlet buffer for a tolerance of 0.005 kJ/mol/ps at 300 K
Calculated rlist for 1x1 atom pair-list as 0.933 nm, buffer size 0.033 nm
Set rlist, assuming 4x4 atom pair-list, to 0.900 nm, buffer size 0.000 nm
Note that mdrun will redetermine rlist based on the actual pair-list setup
Calculating fourier grid dimensions for X Y Z
Using a fourier grid of 20x20x20, spacing 0.100 0.100 0.100
Estimate for the relative computational load of the PME mesh part: 0.37
This run will generate roughly 19 Mb of data

There was 1 note

GROMACS reminds you: "The Universe is Somewhere In Here" (J.G.E.M. Fraaije)

[spanahi@imospc17 spc2]$ gmx mdrun -v -deffnm spc_npt
                      :-) GROMACS - gmx mdrun, 2016.4 (-:

                            GROMACS is written by:
     Emile Apol      Rossen Apostolov  Herman J.C. Berendsen    Par Bjelkmar   
 Aldert van Buuren   Rudi van Drunen     Anton Feenstra    Gerrit Groenhof  
 Christoph Junghans   Anca Hamuraru    Vincent Hindriksen Dimitrios Karkoulis
    Peter Kasson        Jiri Kraus      Carsten Kutzner      Per Larsson    
  Justin A. Lemkul   Magnus Lundborg   Pieter Meulenhoff    Erik Marklund   
   Teemu Murtola       Szilard Pall       Sander Pronk      Roland Schulz   
  Alexey Shvetsov     Michael Shirts     Alfons Sijbers     Peter Tieleman  
  Teemu Virolainen  Christian Wennberg    Maarten Wolf   
                           and the project leaders:
        Mark Abraham, Berk Hess, Erik Lindahl, and David van der Spoel

Copyright (c) 1991-2000, University of Groningen, The Netherlands.
Copyright (c) 2001-2017, The GROMACS development team at
Uppsala University, Stockholm University and
the Royal Institute of Technology, Sweden.
check out http://www.gromacs.org for more information.

GROMACS is free software; you can redistribute it and/or modify it
under the terms of the GNU Lesser General Public License
as published by the Free Software Foundation; either version 2.1
of the License, or (at your option) any later version.

GROMACS:      gmx mdrun, version 2016.4
Executable:   /home/imostest/gromacs/bin/gmx
Data prefix:  /home/imostest/gromacs
Working dir:  /home/spanahi/Documents/part3/spc2
Command line:
  gmx mdrun -v -deffnm spc_npt


Running on 1 node with total 4 cores, 8 logical cores
Hardware detected:
  CPU info:
    Vendor: Intel
    Brand:  Intel(R) Core(TM) i7-7700K CPU @ 4.20GHz
    SIMD instructions most likely to fit this hardware: AVX2_256
    SIMD instructions selected at GROMACS compile time: AVX2_256

  Hardware topology: Full, with devices

Reading file spc_npt.tpr, VERSION 2016.4 (single precision)
Changing nstlist from 10 to 20, rlist from 0.9 to 0.927

Using 1 MPI thread
Using 8 OpenMP threads 

starting mdrun 'Pure Water - SPC'
50000 steps,    100.0 ps.
step 0
Step 1  Warning: pressure scaling more than 1%, mu: 1.03189 1.03189 1.03189
step 49900, remaining wall clock time:     0 s          
Writing final coordinates.
step 50000, remaining wall clock time:     0 s          
               Core t (s)   Wall t (s)        (%)
       Time:       72.892        9.111      800.0
                 (ns/day)    (hour/ns)
Performance:      948.272        0.025

GROMACS reminds you: "Here, kitty, kitty..." (Erwin Schroedinger)

[spanahi@imospc17 spc2]$ gmx energy -s spc_npt.tpr -f spc_npt.edr -o boxSize.xvg
                      :-) GROMACS - gmx energy, 2016.4 (-:

                            GROMACS is written by:
     Emile Apol      Rossen Apostolov  Herman J.C. Berendsen    Par Bjelkmar   
 Aldert van Buuren   Rudi van Drunen     Anton Feenstra    Gerrit Groenhof  
 Christoph Junghans   Anca Hamuraru    Vincent Hindriksen Dimitrios Karkoulis
    Peter Kasson        Jiri Kraus      Carsten Kutzner      Per Larsson    
  Justin A. Lemkul   Magnus Lundborg   Pieter Meulenhoff    Erik Marklund   
   Teemu Murtola       Szilard Pall       Sander Pronk      Roland Schulz   
  Alexey Shvetsov     Michael Shirts     Alfons Sijbers     Peter Tieleman  
  Teemu Virolainen  Christian Wennberg    Maarten Wolf   
                           and the project leaders:
        Mark Abraham, Berk Hess, Erik Lindahl, and David van der Spoel

Copyright (c) 1991-2000, University of Groningen, The Netherlands.
Copyright (c) 2001-2017, The GROMACS development team at
Uppsala University, Stockholm University and
the Royal Institute of Technology, Sweden.
check out http://www.gromacs.org for more information.

GROMACS is free software; you can redistribute it and/or modify it
under the terms of the GNU Lesser General Public License
as published by the Free Software Foundation; either version 2.1
of the License, or (at your option) any later version.

GROMACS:      gmx energy, version 2016.4
Executable:   /home/imostest/gromacs/bin/gmx
Data prefix:  /home/imostest/gromacs
Working dir:  /home/spanahi/Documents/part3/spc2
Command line:
  gmx energy -s spc_npt.tpr -f spc_npt.edr -o boxSize.xvg

Opened spc_npt.edr as single precision energy file

Select the terms you want from the following list by
selecting either (part of) the name or the number or a combination.
End your selection with an empty line or a zero.
-------------------------------------------------------------------
  1  LJ-(SR)          2  Disper.-corr.    3  Coulomb-(SR)     4  Coul.-recip.  
  5  Potential        6  Kinetic-En.      7  Total-Energy     8  Temperature   
  9  Pres.-DC        10  Pressure        11  Box-X           12  Box-Y         
 13  Box-Z           14  Volume          15  Density         16  pV            
 17  Enthalpy        18  Vir-XX          19  Vir-XY          20  Vir-XZ        
 21  Vir-YX          22  Vir-YY          23  Vir-YZ          24  Vir-ZX        
 25  Vir-ZY          26  Vir-ZZ          27  Pres-XX         28  Pres-XY       
 29  Pres-XZ         30  Pres-YX         31  Pres-YY         32  Pres-YZ       
 33  Pres-ZX         34  Pres-ZY         35  Pres-ZZ         36  #Surf*SurfTen 
 37  T-System        38  Lamb-System   

11
12
13

Last energy frame read 5000 time  100.000         

Statistics over 50001 steps [ 0.0000 through 100.0000 ps ], 3 data sets
All statistics are over 50001 points

Energy                      Average   Err.Est.       RMSD  Tot-Drift
-------------------------------------------------------------------------------
Box-X                       1.89646     0.0059  0.0280196 -0.0340694  (nm)
Box-Y                       1.89646     0.0059  0.0280196 -0.0340694  (nm)
Box-Z                       1.89646     0.0059  0.0280196 -0.0340694  (nm)

GROMACS reminds you: "Harvard makes mistakes too, you know. Kissinger taught there." (Woody Allen)

[spanahi@imospc17 spc2]$ xmgrace boxSize.xvg 
[spanahi@imospc17 spc2]$ xmgrace boxSize.xvg 
[spanahi@imospc17 spc2]$ gmx energy -s spc_npt.tpr -f spc_npt.edr -o boxSize.xvg -b 20
                      :-) GROMACS - gmx energy, 2016.4 (-:

                            GROMACS is written by:
     Emile Apol      Rossen Apostolov  Herman J.C. Berendsen    Par Bjelkmar   
 Aldert van Buuren   Rudi van Drunen     Anton Feenstra    Gerrit Groenhof  
 Christoph Junghans   Anca Hamuraru    Vincent Hindriksen Dimitrios Karkoulis
    Peter Kasson        Jiri Kraus      Carsten Kutzner      Per Larsson    
  Justin A. Lemkul   Magnus Lundborg   Pieter Meulenhoff    Erik Marklund   
   Teemu Murtola       Szilard Pall       Sander Pronk      Roland Schulz   
  Alexey Shvetsov     Michael Shirts     Alfons Sijbers     Peter Tieleman  
  Teemu Virolainen  Christian Wennberg    Maarten Wolf   
                           and the project leaders:
        Mark Abraham, Berk Hess, Erik Lindahl, and David van der Spoel

Copyright (c) 1991-2000, University of Groningen, The Netherlands.
Copyright (c) 2001-2017, The GROMACS development team at
Uppsala University, Stockholm University and
the Royal Institute of Technology, Sweden.
check out http://www.gromacs.org for more information.

GROMACS is free software; you can redistribute it and/or modify it
under the terms of the GNU Lesser General Public License
as published by the Free Software Foundation; either version 2.1
of the License, or (at your option) any later version.

GROMACS:      gmx energy, version 2016.4
Executable:   /home/imostest/gromacs/bin/gmx
Data prefix:  /home/imostest/gromacs
Working dir:  /home/spanahi/Documents/part3/spc2
Command line:
  gmx energy -s spc_npt.tpr -f spc_npt.edr -o boxSize.xvg -b 20

Opened spc_npt.edr as single precision energy file

Select the terms you want from the following list by
selecting either (part of) the name or the number or a combination.
End your selection with an empty line or a zero.
-------------------------------------------------------------------
  1  LJ-(SR)          2  Disper.-corr.    3  Coulomb-(SR)     4  Coul.-recip.  
  5  Potential        6  Kinetic-En.      7  Total-Energy     8  Temperature   
  9  Pres.-DC        10  Pressure        11  Box-X           12  Box-Y         
 13  Box-Z           14  Volume          15  Density         16  pV            
 17  Enthalpy        18  Vir-XX          19  Vir-XY          20  Vir-XZ        
 21  Vir-YX          22  Vir-YY          23  Vir-YZ          24  Vir-ZX        
 25  Vir-ZY          26  Vir-ZZ          27  Pres-XX         28  Pres-XY       
 29  Pres-XZ         30  Pres-YX         31  Pres-YY         32  Pres-YZ       
 33  Pres-ZX         34  Pres-ZY         35  Pres-ZZ         36  #Surf*SurfTen 
 37  T-System        38  Lamb-System   

11


Back Off! I just backed up boxSize.xvg to ./#boxSize.xvg.1#
Last energy frame read 5000 time  100.000         

Statistics over 40001 steps [ 20.0000 through 100.0000 ps ], 1 data sets
All statistics are over 40001 points

Energy                      Average   Err.Est.       RMSD  Tot-Drift
-------------------------------------------------------------------------------
Box-X                       1.89056    0.00052 0.00664944 -5.6783e-05  (nm)

GROMACS reminds you: "I never thought of stopping, and I just hated sleeping. I can't imagine having a better life." (Barbara McClintock)

[spanahi@imospc17 spc2]$ gmx energy -s spc_npt.tpr -f spc_npt.edr -o boxSize.xvg -b 80
                      :-) GROMACS - gmx energy, 2016.4 (-:

                            GROMACS is written by:
     Emile Apol      Rossen Apostolov  Herman J.C. Berendsen    Par Bjelkmar   
 Aldert van Buuren   Rudi van Drunen     Anton Feenstra    Gerrit Groenhof  
 Christoph Junghans   Anca Hamuraru    Vincent Hindriksen Dimitrios Karkoulis
    Peter Kasson        Jiri Kraus      Carsten Kutzner      Per Larsson    
  Justin A. Lemkul   Magnus Lundborg   Pieter Meulenhoff    Erik Marklund   
   Teemu Murtola       Szilard Pall       Sander Pronk      Roland Schulz   
  Alexey Shvetsov     Michael Shirts     Alfons Sijbers     Peter Tieleman  
  Teemu Virolainen  Christian Wennberg    Maarten Wolf   
                           and the project leaders:
        Mark Abraham, Berk Hess, Erik Lindahl, and David van der Spoel

Copyright (c) 1991-2000, University of Groningen, The Netherlands.
Copyright (c) 2001-2017, The GROMACS development team at
Uppsala University, Stockholm University and
the Royal Institute of Technology, Sweden.
check out http://www.gromacs.org for more information.

GROMACS is free software; you can redistribute it and/or modify it
under the terms of the GNU Lesser General Public License
as published by the Free Software Foundation; either version 2.1
of the License, or (at your option) any later version.

GROMACS:      gmx energy, version 2016.4
Executable:   /home/imostest/gromacs/bin/gmx
Data prefix:  /home/imostest/gromacs
Working dir:  /home/spanahi/Documents/part3/spc2
Command line:
  gmx energy -s spc_npt.tpr -f spc_npt.edr -o boxSize.xvg -b 80

Opened spc_npt.edr as single precision energy file

Select the terms you want from the following list by
selecting either (part of) the name or the number or a combination.
End your selection with an empty line or a zero.
-------------------------------------------------------------------
  1  LJ-(SR)          2  Disper.-corr.    3  Coulomb-(SR)     4  Coul.-recip.  
  5  Potential        6  Kinetic-En.      7  Total-Energy     8  Temperature   
  9  Pres.-DC        10  Pressure        11  Box-X           12  Box-Y         
 13  Box-Z           14  Volume          15  Density         16  pV            
 17  Enthalpy        18  Vir-XX          19  Vir-XY          20  Vir-XZ        
 21  Vir-YX          22  Vir-YY          23  Vir-YZ          24  Vir-ZX        
 25  Vir-ZY          26  Vir-ZZ          27  Pres-XX         28  Pres-XY       
 29  Pres-XZ         30  Pres-YX         31  Pres-YY         32  Pres-YZ       
 33  Pres-ZX         34  Pres-ZY         35  Pres-ZZ         36  #Surf*SurfTen 
 37  T-System        38  Lamb-System   

11


Back Off! I just backed up boxSize.xvg to ./#boxSize.xvg.2#
Last energy frame read 5000 time  100.000         

Statistics over 10001 steps [ 80.0000 through 100.0000 ps ], 1 data sets
All statistics are over 10001 points

Energy                      Average   Err.Est.       RMSD  Tot-Drift
-------------------------------------------------------------------------------
Box-X                       1.89107     0.0017 0.00516828 -0.00730563  (nm)

GROMACS reminds you: "Let us not get carried away with our ideas and take our models too seriously" (Nancy Swanson)

[spanahi@imospc17 spc2]$ gmx energy -s spc_npt.tpr -f spc_npt.edr -o pressure.xvg 
                      :-) GROMACS - gmx energy, 2016.4 (-:

                            GROMACS is written by:
     Emile Apol      Rossen Apostolov  Herman J.C. Berendsen    Par Bjelkmar   
 Aldert van Buuren   Rudi van Drunen     Anton Feenstra    Gerrit Groenhof  
 Christoph Junghans   Anca Hamuraru    Vincent Hindriksen Dimitrios Karkoulis
    Peter Kasson        Jiri Kraus      Carsten Kutzner      Per Larsson    
  Justin A. Lemkul   Magnus Lundborg   Pieter Meulenhoff    Erik Marklund   
   Teemu Murtola       Szilard Pall       Sander Pronk      Roland Schulz   
  Alexey Shvetsov     Michael Shirts     Alfons Sijbers     Peter Tieleman  
  Teemu Virolainen  Christian Wennberg    Maarten Wolf   
                           and the project leaders:
        Mark Abraham, Berk Hess, Erik Lindahl, and David van der Spoel

Copyright (c) 1991-2000, University of Groningen, The Netherlands.
Copyright (c) 2001-2017, The GROMACS development team at
Uppsala University, Stockholm University and
the Royal Institute of Technology, Sweden.
check out http://www.gromacs.org for more information.

GROMACS is free software; you can redistribute it and/or modify it
under the terms of the GNU Lesser General Public License
as published by the Free Software Foundation; either version 2.1
of the License, or (at your option) any later version.

GROMACS:      gmx energy, version 2016.4
Executable:   /home/imostest/gromacs/bin/gmx
Data prefix:  /home/imostest/gromacs
Working dir:  /home/spanahi/Documents/part3/spc2
Command line:
  gmx energy -s spc_npt.tpr -f spc_npt.edr -o pressure.xvg

Opened spc_npt.edr as single precision energy file

Select the terms you want from the following list by
selecting either (part of) the name or the number or a combination.
End your selection with an empty line or a zero.
-------------------------------------------------------------------
  1  LJ-(SR)          2  Disper.-corr.    3  Coulomb-(SR)     4  Coul.-recip.  
  5  Potential        6  Kinetic-En.      7  Total-Energy     8  Temperature   
  9  Pres.-DC        10  Pressure        11  Box-X           12  Box-Y         
 13  Box-Z           14  Volume          15  Density         16  pV            
 17  Enthalpy        18  Vir-XX          19  Vir-XY          20  Vir-XZ        
 21  Vir-YX          22  Vir-YY          23  Vir-YZ          24  Vir-ZX        
 25  Vir-ZY          26  Vir-ZZ          27  Pres-XX         28  Pres-XY       
 29  Pres-XZ         30  Pres-YX         31  Pres-YY         32  Pres-YZ       
 33  Pres-ZX         34  Pres-ZY         35  Pres-ZZ         36  #Surf*SurfTen 
 37  T-System        38  Lamb-System   

10

Last energy frame read 5000 time  100.000         

Statistics over 50001 steps [ 0.0000 through 100.0000 ps ], 1 data sets
All statistics are over 50001 points

Energy                      Average   Err.Est.       RMSD  Tot-Drift
-------------------------------------------------------------------------------
Pressure                   -28.4229         24    685.572    141.001  (bar)

GROMACS reminds you: "I have a hunch that the unknown sequences of DNA will decode into copyright notices and patent protections." (Donald Knuth)

[spanahi@imospc17 spc2]$ xmgrace pressure.xvg 
[spanahi@imospc17 spc2]$ vim water-nvt.mdp 
[spanahi@imospc17 spc2]$ gmx grompp -f water-nvt.mdp -c spc_npt_changedBoxSize_from80ps.gro -p spc.top -o spc_nvt.tpr
                      :-) GROMACS - gmx grompp, 2016.4 (-:

                            GROMACS is written by:
     Emile Apol      Rossen Apostolov  Herman J.C. Berendsen    Par Bjelkmar   
 Aldert van Buuren   Rudi van Drunen     Anton Feenstra    Gerrit Groenhof  
 Christoph Junghans   Anca Hamuraru    Vincent Hindriksen Dimitrios Karkoulis
    Peter Kasson        Jiri Kraus      Carsten Kutzner      Per Larsson    
  Justin A. Lemkul   Magnus Lundborg   Pieter Meulenhoff    Erik Marklund   
   Teemu Murtola       Szilard Pall       Sander Pronk      Roland Schulz   
  Alexey Shvetsov     Michael Shirts     Alfons Sijbers     Peter Tieleman  
  Teemu Virolainen  Christian Wennberg    Maarten Wolf   
                           and the project leaders:
        Mark Abraham, Berk Hess, Erik Lindahl, and David van der Spoel

Copyright (c) 1991-2000, University of Groningen, The Netherlands.
Copyright (c) 2001-2017, The GROMACS development team at
Uppsala University, Stockholm University and
the Royal Institute of Technology, Sweden.
check out http://www.gromacs.org for more information.

GROMACS is free software; you can redistribute it and/or modify it
under the terms of the GNU Lesser General Public License
as published by the Free Software Foundation; either version 2.1
of the License, or (at your option) any later version.

GROMACS:      gmx grompp, version 2016.4
Executable:   /home/imostest/gromacs/bin/gmx
Data prefix:  /home/imostest/gromacs
Working dir:  /home/spanahi/Documents/part3/spc2
Command line:
  gmx grompp -f water-nvt.mdp -c spc_npt_changedBoxSize_from80ps.gro -p spc.top -o spc_nvt.tpr


Back Off! I just backed up mdout.mdp to ./#mdout.mdp.1#

NOTE 1 [file water-nvt.mdp]:
  The Berendsen thermostat does not generate the correct kinetic energy
  distribution. You might want to consider using the V-rescale thermostat.

Setting the LD random seed to -1878707874
Generated 330891 of the 330891 non-bonded parameter combinations
Generating 1-4 interactions: fudge = 0.5
Generated 330891 of the 330891 1-4 parameter combinations
Excluding 2 bonded neighbours molecule type 'SOL'
Removing all charge groups because cutoff-scheme=Verlet
Analysing residue names:
There are:   221      Water residues
Number of degrees of freedom in T-Coupling group System is 1323.00
Determining Verlet buffer for a tolerance of 0.005 kJ/mol/ps at 300 K
Calculated rlist for 1x1 atom pair-list as 0.936 nm, buffer size 0.036 nm
Set rlist, assuming 4x4 atom pair-list, to 0.900 nm, buffer size 0.000 nm
Note that mdrun will redetermine rlist based on the actual pair-list setup
Calculating fourier grid dimensions for X Y Z
Using a fourier grid of 16x16x16, spacing 0.118 0.118 0.118
Estimate for the relative computational load of the PME mesh part: 0.29
This run will generate roughly 19 Mb of data

There was 1 note

GROMACS reminds you: "Get Down In 3D" (George Clinton)

[spanahi@imospc17 spc2]$ gmx mdrun -v -deffnm spc_nvt
                      :-) GROMACS - gmx mdrun, 2016.4 (-:

                            GROMACS is written by:
     Emile Apol      Rossen Apostolov  Herman J.C. Berendsen    Par Bjelkmar   
 Aldert van Buuren   Rudi van Drunen     Anton Feenstra    Gerrit Groenhof  
 Christoph Junghans   Anca Hamuraru    Vincent Hindriksen Dimitrios Karkoulis
    Peter Kasson        Jiri Kraus      Carsten Kutzner      Per Larsson    
  Justin A. Lemkul   Magnus Lundborg   Pieter Meulenhoff    Erik Marklund   
   Teemu Murtola       Szilard Pall       Sander Pronk      Roland Schulz   
  Alexey Shvetsov     Michael Shirts     Alfons Sijbers     Peter Tieleman  
  Teemu Virolainen  Christian Wennberg    Maarten Wolf   
                           and the project leaders:
        Mark Abraham, Berk Hess, Erik Lindahl, and David van der Spoel

Copyright (c) 1991-2000, University of Groningen, The Netherlands.
Copyright (c) 2001-2017, The GROMACS development team at
Uppsala University, Stockholm University and
the Royal Institute of Technology, Sweden.
check out http://www.gromacs.org for more information.

GROMACS is free software; you can redistribute it and/or modify it
under the terms of the GNU Lesser General Public License
as published by the Free Software Foundation; either version 2.1
of the License, or (at your option) any later version.

GROMACS:      gmx mdrun, version 2016.4
Executable:   /home/imostest/gromacs/bin/gmx
Data prefix:  /home/imostest/gromacs
Working dir:  /home/spanahi/Documents/part3/spc2
Command line:
  gmx mdrun -v -deffnm spc_nvt


Running on 1 node with total 4 cores, 8 logical cores
Hardware detected:
  CPU info:
    Vendor: Intel
    Brand:  Intel(R) Core(TM) i7-7700K CPU @ 4.20GHz
    SIMD instructions most likely to fit this hardware: AVX2_256
    SIMD instructions selected at GROMACS compile time: AVX2_256

  Hardware topology: Full, with devices

Reading file spc_nvt.tpr, VERSION 2016.4 (single precision)
Changing nstlist from 10 to 20, rlist from 0.9 to 0.932

Using 1 MPI thread
Using 8 OpenMP threads 

starting mdrun 'Pure Water - SPC'
50000 steps,    100.0 ps.
step 49900, remaining wall clock time:     0 s          
Writing final coordinates.
step 50000, remaining wall clock time:     0 s          
               Core t (s)   Wall t (s)        (%)
       Time:      293.552       36.694      800.0
                 (ns/day)    (hour/ns)
Performance:      235.466        0.102

GROMACS reminds you: "Have a Nice Day" (R. McDonald)

[spanahi@imospc17 spc2]$ 
[spanahi@imospc17 spc2]$ ls
sim.log  spc.top  water-npt.mdp  water-nve.mdp  water-nvt.mdp
[spanahi@imospc17 spc2]$ ll
total 40
-rw-r--r-- 1 spanahi tckurs 20703 Nov  8 16:15 sim.log
-rw-r--r-- 1 spanahi tckurs   117 Nov  8 13:26 spc.top
-rw-r--r-- 1 spanahi tckurs  3746 Nov  8 13:16 water-npt.mdp
-rw-r--r-- 1 spanahi tckurs  3744 Nov  8 14:22 water-nve.mdp
-rw-r--r-- 1 spanahi tckurs  3749 Nov  8 13:59 water-nvt.mdp
[spanahi@imospc17 spc2]$ gmx solvate -cs -box 2 2 2 -o spc.gro
                     :-) GROMACS - gmx solvate, 2016.4 (-:

                            GROMACS is written by:
     Emile Apol      Rossen Apostolov  Herman J.C. Berendsen    Par Bjelkmar   
 Aldert van Buuren   Rudi van Drunen     Anton Feenstra    Gerrit Groenhof  
 Christoph Junghans   Anca Hamuraru    Vincent Hindriksen Dimitrios Karkoulis
    Peter Kasson        Jiri Kraus      Carsten Kutzner      Per Larsson    
  Justin A. Lemkul   Magnus Lundborg   Pieter Meulenhoff    Erik Marklund   
   Teemu Murtola       Szilard Pall       Sander Pronk      Roland Schulz   
  Alexey Shvetsov     Michael Shirts     Alfons Sijbers     Peter Tieleman  
  Teemu Virolainen  Christian Wennberg    Maarten Wolf   
                           and the project leaders:
        Mark Abraham, Berk Hess, Erik Lindahl, and David van der Spoel

Copyright (c) 1991-2000, University of Groningen, The Netherlands.
Copyright (c) 2001-2017, The GROMACS development team at
Uppsala University, Stockholm University and
the Royal Institute of Technology, Sweden.
check out http://www.gromacs.org for more information.

GROMACS is free software; you can redistribute it and/or modify it
under the terms of the GNU Lesser General Public License
as published by the Free Software Foundation; either version 2.1
of the License, or (at your option) any later version.

GROMACS:      gmx solvate, version 2016.4
Executable:   /home/imostest/gromacs/bin/gmx
Data prefix:  /home/imostest/gromacs
Working dir:  /home/spanahi/Documents/part3/spc2
Command line:
  gmx solvate -cs -box 2 2 2 -o spc.gro

Reading solvent configuration
216H2O,WATJP01,SPC216,SPC-MODEL,300K,BOX(M)=1.86206NM,WFVG,MAR. 1984
Containing 648 atoms in 216 residues

Initialising inter-atomic distances...

WARNING: Masses and atomic (Van der Waals) radii will be guessed
         based on residue and atom names, since they could not be
         definitively assigned from the information in your input
         files. These guessed numbers might deviate from the mass
         and radius of the atom type. Please check the output
         files if necessary.

NOTE: From version 5.0 gmx solvate uses the Van der Waals radii
from the source below. This means the results may be different
compared to previous GROMACS versions.

++++ PLEASE READ AND CITE THE FOLLOWING REFERENCE ++++
A. Bondi
van der Waals Volumes and Radii
J. Phys. Chem. 68 (1964) pp. 441-451
-------- -------- --- Thank You --- -------- --------

Generating solvent configuration
Will generate new solvent configuration of 2x2x2 boxes
Solvent box contains 1218 atoms in 406 residues
Removed 555 solvent atoms due to solvent-solvent overlap
Sorting configuration
Found 1 molecule type:
    SOL (   3 atoms):   221 residues
Generated solvent containing 663 atoms in 221 residues
Writing generated configuration to spc.gro

Output configuration contains 663 atoms in 221 residues
Volume                 :           8 (nm^3)
Density                :     826.409 (g/l)
Number of SOL molecules:    221   


GROMACS reminds you: "Yeah, uh uh, Neil's Head !" (Neil)

[spanahi@imospc17 spc2]$ nvim
bash: nvim: command not found
[spanahi@imospc17 spc2]$ sudo apt-get install nvim

We trust you have received the usual lecture from the local System
Administrator. It usually boils down to these three things:

    #1) Respect the privacy of others.
    #2) Think before you type.
    #3) With great power comes great responsibility.

[sudo] password for spanahi: 
Sorry, try again.
[sudo] password for spanahi: 
spanahi is not in the sudoers file.  This incident will be reported.
[spanahi@imospc17 spc2]$ ls
sim.log  spc.top        water-nve.mdp
spc.gro  water-npt.mdp  water-nvt.mdp
[spanahi@imospc17 spc2]$ vim spc.top 
[spanahi@imospc17 spc2]$ gmx grompp -f water-npt.mdp -c spc.gro -p spc.top -o spc_npt.tpr
                      :-) GROMACS - gmx grompp, 2016.4 (-:

                            GROMACS is written by:
     Emile Apol      Rossen Apostolov  Herman J.C. Berendsen    Par Bjelkmar   
 Aldert van Buuren   Rudi van Drunen     Anton Feenstra    Gerrit Groenhof  
 Christoph Junghans   Anca Hamuraru    Vincent Hindriksen Dimitrios Karkoulis
    Peter Kasson        Jiri Kraus      Carsten Kutzner      Per Larsson    
  Justin A. Lemkul   Magnus Lundborg   Pieter Meulenhoff    Erik Marklund   
   Teemu Murtola       Szilard Pall       Sander Pronk      Roland Schulz   
  Alexey Shvetsov     Michael Shirts     Alfons Sijbers     Peter Tieleman  
  Teemu Virolainen  Christian Wennberg    Maarten Wolf   
                           and the project leaders:
        Mark Abraham, Berk Hess, Erik Lindahl, and David van der Spoel

Copyright (c) 1991-2000, University of Groningen, The Netherlands.
Copyright (c) 2001-2017, The GROMACS development team at
Uppsala University, Stockholm University and
the Royal Institute of Technology, Sweden.
check out http://www.gromacs.org for more information.

GROMACS is free software; you can redistribute it and/or modify it
under the terms of the GNU Lesser General Public License
as published by the Free Software Foundation; either version 2.1
of the License, or (at your option) any later version.

GROMACS:      gmx grompp, version 2016.4
Executable:   /home/imostest/gromacs/bin/gmx
Data prefix:  /home/imostest/gromacs
Working dir:  /home/spanahi/Documents/part3/spc2
Command line:
  gmx grompp -f water-npt.mdp -c spc.gro -p spc.top -o spc_npt.tpr


NOTE 1 [file water-npt.mdp]:
  The Berendsen thermostat does not generate the correct kinetic energy
  distribution. You might want to consider using the V-rescale thermostat.

Setting the LD random seed to 563487915
Generated 330891 of the 330891 non-bonded parameter combinations
Generating 1-4 interactions: fudge = 0.5
Generated 330891 of the 330891 1-4 parameter combinations
Excluding 2 bonded neighbours molecule type 'SOL'
Velocities were taken from a Maxwell distribution at 300 K
Removing all charge groups because cutoff-scheme=Verlet
Analysing residue names:
There are:   221      Water residues
Number of degrees of freedom in T-Coupling group System is 1323.00
Determining Verlet buffer for a tolerance of 0.005 kJ/mol/ps at 300 K
Calculated rlist for 1x1 atom pair-list as 0.933 nm, buffer size 0.033 nm
Set rlist, assuming 4x4 atom pair-list, to 0.900 nm, buffer size 0.000 nm
Note that mdrun will redetermine rlist based on the actual pair-list setup
Calculating fourier grid dimensions for X Y Z
Using a fourier grid of 20x20x20, spacing 0.100 0.100 0.100
Estimate for the relative computational load of the PME mesh part: 0.37
This run will generate roughly 19 Mb of data

There was 1 note

GROMACS reminds you: "The Universe is Somewhere In Here" (J.G.E.M. Fraaije)

[spanahi@imospc17 spc2]$ gmx mdrun -v -deffnm spc_npt
                      :-) GROMACS - gmx mdrun, 2016.4 (-:

                            GROMACS is written by:
     Emile Apol      Rossen Apostolov  Herman J.C. Berendsen    Par Bjelkmar   
 Aldert van Buuren   Rudi van Drunen     Anton Feenstra    Gerrit Groenhof  
 Christoph Junghans   Anca Hamuraru    Vincent Hindriksen Dimitrios Karkoulis
    Peter Kasson        Jiri Kraus      Carsten Kutzner      Per Larsson    
  Justin A. Lemkul   Magnus Lundborg   Pieter Meulenhoff    Erik Marklund   
   Teemu Murtola       Szilard Pall       Sander Pronk      Roland Schulz   
  Alexey Shvetsov     Michael Shirts     Alfons Sijbers     Peter Tieleman  
  Teemu Virolainen  Christian Wennberg    Maarten Wolf   
                           and the project leaders:
        Mark Abraham, Berk Hess, Erik Lindahl, and David van der Spoel

Copyright (c) 1991-2000, University of Groningen, The Netherlands.
Copyright (c) 2001-2017, The GROMACS development team at
Uppsala University, Stockholm University and
the Royal Institute of Technology, Sweden.
check out http://www.gromacs.org for more information.

GROMACS is free software; you can redistribute it and/or modify it
under the terms of the GNU Lesser General Public License
as published by the Free Software Foundation; either version 2.1
of the License, or (at your option) any later version.

GROMACS:      gmx mdrun, version 2016.4
Executable:   /home/imostest/gromacs/bin/gmx
Data prefix:  /home/imostest/gromacs
Working dir:  /home/spanahi/Documents/part3/spc2
Command line:
  gmx mdrun -v -deffnm spc_npt


Running on 1 node with total 4 cores, 8 logical cores
Hardware detected:
  CPU info:
    Vendor: Intel
    Brand:  Intel(R) Core(TM) i7-7700K CPU @ 4.20GHz
    SIMD instructions most likely to fit this hardware: AVX2_256
    SIMD instructions selected at GROMACS compile time: AVX2_256

  Hardware topology: Full, with devices

Reading file spc_npt.tpr, VERSION 2016.4 (single precision)
Changing nstlist from 10 to 20, rlist from 0.9 to 0.927

Using 1 MPI thread
Using 8 OpenMP threads 

starting mdrun 'Pure Water - SPC'
50000 steps,    100.0 ps.
step 0
Step 1  Warning: pressure scaling more than 1%, mu: 1.03189 1.03189 1.03189
step 49900, remaining wall clock time:     0 s          
Writing final coordinates.
step 50000, remaining wall clock time:     0 s          
               Core t (s)   Wall t (s)        (%)
       Time:       72.892        9.111      800.0
                 (ns/day)    (hour/ns)
Performance:      948.272        0.025

GROMACS reminds you: "Here, kitty, kitty..." (Erwin Schroedinger)

[spanahi@imospc17 spc2]$ gmx energy -s spc_npt.tpr -f spc_npt.edr -o boxSize.xvg
                      :-) GROMACS - gmx energy, 2016.4 (-:

                            GROMACS is written by:
     Emile Apol      Rossen Apostolov  Herman J.C. Berendsen    Par Bjelkmar   
 Aldert van Buuren   Rudi van Drunen     Anton Feenstra    Gerrit Groenhof  
 Christoph Junghans   Anca Hamuraru    Vincent Hindriksen Dimitrios Karkoulis
    Peter Kasson        Jiri Kraus      Carsten Kutzner      Per Larsson    
  Justin A. Lemkul   Magnus Lundborg   Pieter Meulenhoff    Erik Marklund   
   Teemu Murtola       Szilard Pall       Sander Pronk      Roland Schulz   
  Alexey Shvetsov     Michael Shirts     Alfons Sijbers     Peter Tieleman  
  Teemu Virolainen  Christian Wennberg    Maarten Wolf   
                           and the project leaders:
        Mark Abraham, Berk Hess, Erik Lindahl, and David van der Spoel

Copyright (c) 1991-2000, University of Groningen, The Netherlands.
Copyright (c) 2001-2017, The GROMACS development team at
Uppsala University, Stockholm University and
the Royal Institute of Technology, Sweden.
check out http://www.gromacs.org for more information.

GROMACS is free software; you can redistribute it and/or modify it
under the terms of the GNU Lesser General Public License
as published by the Free Software Foundation; either version 2.1
of the License, or (at your option) any later version.

GROMACS:      gmx energy, version 2016.4
Executable:   /home/imostest/gromacs/bin/gmx
Data prefix:  /home/imostest/gromacs
Working dir:  /home/spanahi/Documents/part3/spc2
Command line:
  gmx energy -s spc_npt.tpr -f spc_npt.edr -o boxSize.xvg

Opened spc_npt.edr as single precision energy file

Select the terms you want from the following list by
selecting either (part of) the name or the number or a combination.
End your selection with an empty line or a zero.
-------------------------------------------------------------------
  1  LJ-(SR)          2  Disper.-corr.    3  Coulomb-(SR)     4  Coul.-recip.  
  5  Potential        6  Kinetic-En.      7  Total-Energy     8  Temperature   
  9  Pres.-DC        10  Pressure        11  Box-X           12  Box-Y         
 13  Box-Z           14  Volume          15  Density         16  pV            
 17  Enthalpy        18  Vir-XX          19  Vir-XY          20  Vir-XZ        
 21  Vir-YX          22  Vir-YY          23  Vir-YZ          24  Vir-ZX        
 25  Vir-ZY          26  Vir-ZZ          27  Pres-XX         28  Pres-XY       
 29  Pres-XZ         30  Pres-YX         31  Pres-YY         32  Pres-YZ       
 33  Pres-ZX         34  Pres-ZY         35  Pres-ZZ         36  #Surf*SurfTen 
 37  T-System        38  Lamb-System   

11
12
13

Last energy frame read 5000 time  100.000         

Statistics over 50001 steps [ 0.0000 through 100.0000 ps ], 3 data sets
All statistics are over 50001 points

Energy                      Average   Err.Est.       RMSD  Tot-Drift
-------------------------------------------------------------------------------
Box-X                       1.89646     0.0059  0.0280196 -0.0340694  (nm)
Box-Y                       1.89646     0.0059  0.0280196 -0.0340694  (nm)
Box-Z                       1.89646     0.0059  0.0280196 -0.0340694  (nm)

GROMACS reminds you: "Harvard makes mistakes too, you know. Kissinger taught there." (Woody Allen)

[spanahi@imospc17 spc2]$ xmgrace boxSize.xvg 
[spanahi@imospc17 spc2]$ xmgrace boxSize.xvg 
[spanahi@imospc17 spc2]$ gmx energy -s spc_npt.tpr -f spc_npt.edr -o boxSize.xvg -b 20
                      :-) GROMACS - gmx energy, 2016.4 (-:

                            GROMACS is written by:
     Emile Apol      Rossen Apostolov  Herman J.C. Berendsen    Par Bjelkmar   
 Aldert van Buuren   Rudi van Drunen     Anton Feenstra    Gerrit Groenhof  
 Christoph Junghans   Anca Hamuraru    Vincent Hindriksen Dimitrios Karkoulis
    Peter Kasson        Jiri Kraus      Carsten Kutzner      Per Larsson    
  Justin A. Lemkul   Magnus Lundborg   Pieter Meulenhoff    Erik Marklund   
   Teemu Murtola       Szilard Pall       Sander Pronk      Roland Schulz   
  Alexey Shvetsov     Michael Shirts     Alfons Sijbers     Peter Tieleman  
  Teemu Virolainen  Christian Wennberg    Maarten Wolf   
                           and the project leaders:
        Mark Abraham, Berk Hess, Erik Lindahl, and David van der Spoel

Copyright (c) 1991-2000, University of Groningen, The Netherlands.
Copyright (c) 2001-2017, The GROMACS development team at
Uppsala University, Stockholm University and
the Royal Institute of Technology, Sweden.
check out http://www.gromacs.org for more information.

GROMACS is free software; you can redistribute it and/or modify it
under the terms of the GNU Lesser General Public License
as published by the Free Software Foundation; either version 2.1
of the License, or (at your option) any later version.

GROMACS:      gmx energy, version 2016.4
Executable:   /home/imostest/gromacs/bin/gmx
Data prefix:  /home/imostest/gromacs
Working dir:  /home/spanahi/Documents/part3/spc2
Command line:
  gmx energy -s spc_npt.tpr -f spc_npt.edr -o boxSize.xvg -b 20

Opened spc_npt.edr as single precision energy file

Select the terms you want from the following list by
selecting either (part of) the name or the number or a combination.
End your selection with an empty line or a zero.
-------------------------------------------------------------------
  1  LJ-(SR)          2  Disper.-corr.    3  Coulomb-(SR)     4  Coul.-recip.  
  5  Potential        6  Kinetic-En.      7  Total-Energy     8  Temperature   
  9  Pres.-DC        10  Pressure        11  Box-X           12  Box-Y         
 13  Box-Z           14  Volume          15  Density         16  pV            
 17  Enthalpy        18  Vir-XX          19  Vir-XY          20  Vir-XZ        
 21  Vir-YX          22  Vir-YY          23  Vir-YZ          24  Vir-ZX        
 25  Vir-ZY          26  Vir-ZZ          27  Pres-XX         28  Pres-XY       
 29  Pres-XZ         30  Pres-YX         31  Pres-YY         32  Pres-YZ       
 33  Pres-ZX         34  Pres-ZY         35  Pres-ZZ         36  #Surf*SurfTen 
 37  T-System        38  Lamb-System   

11


Back Off! I just backed up boxSize.xvg to ./#boxSize.xvg.1#
Last energy frame read 5000 time  100.000         

Statistics over 40001 steps [ 20.0000 through 100.0000 ps ], 1 data sets
All statistics are over 40001 points

Energy                      Average   Err.Est.       RMSD  Tot-Drift
-------------------------------------------------------------------------------
Box-X                       1.89056    0.00052 0.00664944 -5.6783e-05  (nm)

GROMACS reminds you: "I never thought of stopping, and I just hated sleeping. I can't imagine having a better life." (Barbara McClintock)

[spanahi@imospc17 spc2]$ gmx energy -s spc_npt.tpr -f spc_npt.edr -o boxSize.xvg -b 80
                      :-) GROMACS - gmx energy, 2016.4 (-:

                            GROMACS is written by:
     Emile Apol      Rossen Apostolov  Herman J.C. Berendsen    Par Bjelkmar   
 Aldert van Buuren   Rudi van Drunen     Anton Feenstra    Gerrit Groenhof  
 Christoph Junghans   Anca Hamuraru    Vincent Hindriksen Dimitrios Karkoulis
    Peter Kasson        Jiri Kraus      Carsten Kutzner      Per Larsson    
  Justin A. Lemkul   Magnus Lundborg   Pieter Meulenhoff    Erik Marklund   
   Teemu Murtola       Szilard Pall       Sander Pronk      Roland Schulz   
  Alexey Shvetsov     Michael Shirts     Alfons Sijbers     Peter Tieleman  
  Teemu Virolainen  Christian Wennberg    Maarten Wolf   
                           and the project leaders:
        Mark Abraham, Berk Hess, Erik Lindahl, and David van der Spoel

Copyright (c) 1991-2000, University of Groningen, The Netherlands.
Copyright (c) 2001-2017, The GROMACS development team at
Uppsala University, Stockholm University and
the Royal Institute of Technology, Sweden.
check out http://www.gromacs.org for more information.

GROMACS is free software; you can redistribute it and/or modify it
under the terms of the GNU Lesser General Public License
as published by the Free Software Foundation; either version 2.1
of the License, or (at your option) any later version.

GROMACS:      gmx energy, version 2016.4
Executable:   /home/imostest/gromacs/bin/gmx
Data prefix:  /home/imostest/gromacs
Working dir:  /home/spanahi/Documents/part3/spc2
Command line:
  gmx energy -s spc_npt.tpr -f spc_npt.edr -o boxSize.xvg -b 80

Opened spc_npt.edr as single precision energy file

Select the terms you want from the following list by
selecting either (part of) the name or the number or a combination.
End your selection with an empty line or a zero.
-------------------------------------------------------------------
  1  LJ-(SR)          2  Disper.-corr.    3  Coulomb-(SR)     4  Coul.-recip.  
  5  Potential        6  Kinetic-En.      7  Total-Energy     8  Temperature   
  9  Pres.-DC        10  Pressure        11  Box-X           12  Box-Y         
 13  Box-Z           14  Volume          15  Density         16  pV            
 17  Enthalpy        18  Vir-XX          19  Vir-XY          20  Vir-XZ        
 21  Vir-YX          22  Vir-YY          23  Vir-YZ          24  Vir-ZX        
 25  Vir-ZY          26  Vir-ZZ          27  Pres-XX         28  Pres-XY       
 29  Pres-XZ         30  Pres-YX         31  Pres-YY         32  Pres-YZ       
 33  Pres-ZX         34  Pres-ZY         35  Pres-ZZ         36  #Surf*SurfTen 
 37  T-System        38  Lamb-System   

11


Back Off! I just backed up boxSize.xvg to ./#boxSize.xvg.2#
Last energy frame read 5000 time  100.000         

Statistics over 10001 steps [ 80.0000 through 100.0000 ps ], 1 data sets
All statistics are over 10001 points

Energy                      Average   Err.Est.       RMSD  Tot-Drift
-------------------------------------------------------------------------------
Box-X                       1.89107     0.0017 0.00516828 -0.00730563  (nm)

GROMACS reminds you: "Let us not get carried away with our ideas and take our models too seriously" (Nancy Swanson)

[spanahi@imospc17 spc2]$ gmx energy -s spc_npt.tpr -f spc_npt.edr -o pressure.xvg 
                      :-) GROMACS - gmx energy, 2016.4 (-:

                            GROMACS is written by:
     Emile Apol      Rossen Apostolov  Herman J.C. Berendsen    Par Bjelkmar   
 Aldert van Buuren   Rudi van Drunen     Anton Feenstra    Gerrit Groenhof  
 Christoph Junghans   Anca Hamuraru    Vincent Hindriksen Dimitrios Karkoulis
    Peter Kasson        Jiri Kraus      Carsten Kutzner      Per Larsson    
  Justin A. Lemkul   Magnus Lundborg   Pieter Meulenhoff    Erik Marklund   
   Teemu Murtola       Szilard Pall       Sander Pronk      Roland Schulz   
  Alexey Shvetsov     Michael Shirts     Alfons Sijbers     Peter Tieleman  
  Teemu Virolainen  Christian Wennberg    Maarten Wolf   
                           and the project leaders:
        Mark Abraham, Berk Hess, Erik Lindahl, and David van der Spoel

Copyright (c) 1991-2000, University of Groningen, The Netherlands.
Copyright (c) 2001-2017, The GROMACS development team at
Uppsala University, Stockholm University and
the Royal Institute of Technology, Sweden.
check out http://www.gromacs.org for more information.

GROMACS is free software; you can redistribute it and/or modify it
under the terms of the GNU Lesser General Public License
as published by the Free Software Foundation; either version 2.1
of the License, or (at your option) any later version.

GROMACS:      gmx energy, version 2016.4
Executable:   /home/imostest/gromacs/bin/gmx
Data prefix:  /home/imostest/gromacs
Working dir:  /home/spanahi/Documents/part3/spc2
Command line:
  gmx energy -s spc_npt.tpr -f spc_npt.edr -o pressure.xvg

Opened spc_npt.edr as single precision energy file

Select the terms you want from the following list by
selecting either (part of) the name or the number or a combination.
End your selection with an empty line or a zero.
-------------------------------------------------------------------
  1  LJ-(SR)          2  Disper.-corr.    3  Coulomb-(SR)     4  Coul.-recip.  
  5  Potential        6  Kinetic-En.      7  Total-Energy     8  Temperature   
  9  Pres.-DC        10  Pressure        11  Box-X           12  Box-Y         
 13  Box-Z           14  Volume          15  Density         16  pV            
 17  Enthalpy        18  Vir-XX          19  Vir-XY          20  Vir-XZ        
 21  Vir-YX          22  Vir-YY          23  Vir-YZ          24  Vir-ZX        
 25  Vir-ZY          26  Vir-ZZ          27  Pres-XX         28  Pres-XY       
 29  Pres-XZ         30  Pres-YX         31  Pres-YY         32  Pres-YZ       
 33  Pres-ZX         34  Pres-ZY         35  Pres-ZZ         36  #Surf*SurfTen 
 37  T-System        38  Lamb-System   

10

Last energy frame read 5000 time  100.000         

Statistics over 50001 steps [ 0.0000 through 100.0000 ps ], 1 data sets
All statistics are over 50001 points

Energy                      Average   Err.Est.       RMSD  Tot-Drift
-------------------------------------------------------------------------------
Pressure                   -28.4229         24    685.572    141.001  (bar)

GROMACS reminds you: "I have a hunch that the unknown sequences of DNA will decode into copyright notices and patent protections." (Donald Knuth)

[spanahi@imospc17 spc2]$ xmgrace pressure.xvg 
[spanahi@imospc17 spc2]$ vim water-nvt.mdp 
[spanahi@imospc17 spc2]$ gmx grompp -f water-nvt.mdp -c spc_npt_changedBoxSize_from80ps.gro -p spc.top -o spc_nvt.tpr
                      :-) GROMACS - gmx grompp, 2016.4 (-:

                            GROMACS is written by:
     Emile Apol      Rossen Apostolov  Herman J.C. Berendsen    Par Bjelkmar   
 Aldert van Buuren   Rudi van Drunen     Anton Feenstra    Gerrit Groenhof  
 Christoph Junghans   Anca Hamuraru    Vincent Hindriksen Dimitrios Karkoulis
    Peter Kasson        Jiri Kraus      Carsten Kutzner      Per Larsson    
  Justin A. Lemkul   Magnus Lundborg   Pieter Meulenhoff    Erik Marklund   
   Teemu Murtola       Szilard Pall       Sander Pronk      Roland Schulz   
  Alexey Shvetsov     Michael Shirts     Alfons Sijbers     Peter Tieleman  
  Teemu Virolainen  Christian Wennberg    Maarten Wolf   
                           and the project leaders:
        Mark Abraham, Berk Hess, Erik Lindahl, and David van der Spoel

Copyright (c) 1991-2000, University of Groningen, The Netherlands.
Copyright (c) 2001-2017, The GROMACS development team at
Uppsala University, Stockholm University and
the Royal Institute of Technology, Sweden.
check out http://www.gromacs.org for more information.

GROMACS is free software; you can redistribute it and/or modify it
under the terms of the GNU Lesser General Public License
as published by the Free Software Foundation; either version 2.1
of the License, or (at your option) any later version.

GROMACS:      gmx grompp, version 2016.4
Executable:   /home/imostest/gromacs/bin/gmx
Data prefix:  /home/imostest/gromacs
Working dir:  /home/spanahi/Documents/part3/spc2
Command line:
  gmx grompp -f water-nvt.mdp -c spc_npt_changedBoxSize_from80ps.gro -p spc.top -o spc_nvt.tpr


Back Off! I just backed up mdout.mdp to ./#mdout.mdp.1#

NOTE 1 [file water-nvt.mdp]:
  The Berendsen thermostat does not generate the correct kinetic energy
  distribution. You might want to consider using the V-rescale thermostat.

Setting the LD random seed to -1878707874
Generated 330891 of the 330891 non-bonded parameter combinations
Generating 1-4 interactions: fudge = 0.5
Generated 330891 of the 330891 1-4 parameter combinations
Excluding 2 bonded neighbours molecule type 'SOL'
Removing all charge groups because cutoff-scheme=Verlet
Analysing residue names:
There are:   221      Water residues
Number of degrees of freedom in T-Coupling group System is 1323.00
Determining Verlet buffer for a tolerance of 0.005 kJ/mol/ps at 300 K
Calculated rlist for 1x1 atom pair-list as 0.936 nm, buffer size 0.036 nm
Set rlist, assuming 4x4 atom pair-list, to 0.900 nm, buffer size 0.000 nm
Note that mdrun will redetermine rlist based on the actual pair-list setup
Calculating fourier grid dimensions for X Y Z
Using a fourier grid of 16x16x16, spacing 0.118 0.118 0.118
Estimate for the relative computational load of the PME mesh part: 0.29
This run will generate roughly 19 Mb of data

There was 1 note

GROMACS reminds you: "Get Down In 3D" (George Clinton)

[spanahi@imospc17 spc2]$ gmx mdrun -v -deffnm spc_nvt
                      :-) GROMACS - gmx mdrun, 2016.4 (-:

                            GROMACS is written by:
     Emile Apol      Rossen Apostolov  Herman J.C. Berendsen    Par Bjelkmar   
 Aldert van Buuren   Rudi van Drunen     Anton Feenstra    Gerrit Groenhof  
 Christoph Junghans   Anca Hamuraru    Vincent Hindriksen Dimitrios Karkoulis
    Peter Kasson        Jiri Kraus      Carsten Kutzner      Per Larsson    
  Justin A. Lemkul   Magnus Lundborg   Pieter Meulenhoff    Erik Marklund   
   Teemu Murtola       Szilard Pall       Sander Pronk      Roland Schulz   
  Alexey Shvetsov     Michael Shirts     Alfons Sijbers     Peter Tieleman  
  Teemu Virolainen  Christian Wennberg    Maarten Wolf   
                           and the project leaders:
        Mark Abraham, Berk Hess, Erik Lindahl, and David van der Spoel

Copyright (c) 1991-2000, University of Groningen, The Netherlands.
Copyright (c) 2001-2017, The GROMACS development team at
Uppsala University, Stockholm University and
the Royal Institute of Technology, Sweden.
check out http://www.gromacs.org for more information.

GROMACS is free software; you can redistribute it and/or modify it
under the terms of the GNU Lesser General Public License
as published by the Free Software Foundation; either version 2.1
of the License, or (at your option) any later version.

GROMACS:      gmx mdrun, version 2016.4
Executable:   /home/imostest/gromacs/bin/gmx
Data prefix:  /home/imostest/gromacs
Working dir:  /home/spanahi/Documents/part3/spc2
Command line:
  gmx mdrun -v -deffnm spc_nvt


Running on 1 node with total 4 cores, 8 logical cores
Hardware detected:
  CPU info:
    Vendor: Intel
    Brand:  Intel(R) Core(TM) i7-7700K CPU @ 4.20GHz
    SIMD instructions most likely to fit this hardware: AVX2_256
    SIMD instructions selected at GROMACS compile time: AVX2_256

  Hardware topology: Full, with devices

Reading file spc_nvt.tpr, VERSION 2016.4 (single precision)
Changing nstlist from 10 to 20, rlist from 0.9 to 0.932

Using 1 MPI thread
Using 8 OpenMP threads 

starting mdrun 'Pure Water - SPC'
50000 steps,    100.0 ps.
step 49900, remaining wall clock time:     0 s          
Writing final coordinates.
step 50000, remaining wall clock time:     0 s          
               Core t (s)   Wall t (s)        (%)
       Time:      293.552       36.694      800.0
                 (ns/day)    (hour/ns)
Performance:      235.466        0.102

GROMACS reminds you: "Have a Nice Day" (R. McDonald)

[spanahi@imospc17 spc2]$ 


